SubmissionDate,select_multiple,select_multiple/a,select_multiple/b,select_multiple/c,select_multiple/d,select_multiple/e,meta-instanceID,KEY
"Apr 26, 2020 8:58:20 AM",a,1,0,0,0,0,uuid:39f3dd36-161e-47cb-a1a4-395831d253a7,uuid:39f3dd36-161e-47cb-a1a4-395831d253a7
